
> react-example@0.0.0 build
> vite build

[36mvite v6.4.1 [32mbuilding for production...[36m[39m
[32m✓[39m 0 modules transformed.
[31m✗[39m Build failed in 83ms
[31merror during build:
[31m[vite:build-html] Failed to resolve /src/main.tsx from C:/Users/NILESH/Desktop/MILAN/vaya/index.html[31m
file: [36mC:/Users/NILESH/Desktop/MILAN/vaya/index.html[31m
    at file:///C:/Users/NILESH/Desktop/MILAN/vaya/node_modules/vite/dist/node/chunks/dep-D4NMHUTW.js:36314:29
    at async Promise.all (index 0)
    at async Object.handler (file:///C:/Users/NILESH/Desktop/MILAN/vaya/node_modules/vite/dist/node/chunks/dep-D4NMHUTW.js:36511:11)
    at async transform (file:///C:/Users/NILESH/Desktop/MILAN/vaya/node_modules/rollup/dist/es/shared/node-entry.js:21269:16)
    at async ModuleLoader.addModuleSource (file:///C:/Users/NILESH/Desktop/MILAN/vaya/node_modules/rollup/dist/es/shared/node-entry.js:21497:36)[39m
